// Jest Snapshot v1, https://goo.gl/fbAQLP

exports[`HomeView should match snapshot 1`] = `
<div
  class="home"
>
  <listplants-stub />
</div>
`;
